// Vitest Snapshot v1, https://vitest.dev/guide/snapshot.html

exports[`pages 1`] = `[Function]`;
