// Vitest Snapshot v1, https://vitest.dev/guide/snapshot.html

exports[`todos 1`] = `[Function]`;
