// Vitest Snapshot v1, https://vitest.dev/guide/snapshot.html

exports[`todo item 1`] = `[Function]`;
