// Vitest Snapshot v1, https://vitest.dev/guide/snapshot.html

exports[`UserFilter 1`] = `[Function]`;
